[36mvite v8.0.1 [32mbuilding client environment for production...[36m[39m
[2K
transforming...Γ£ô 83 modules transformed.
rendering chunks...
node.exe : 
[31mΓ£ù[39m Build 
failed in 113ms
At line:1 char:1
+ & "C:\Program 
Files\nodejs/node.exe" 
"C:\Program 
Files\nodejs/node_mo 
...
+ ~~~~~~~~~~~~~~~~~~~~~
~~~~~~~~~~~~~~~~~~~~~~~
~~~~~~~~~~~~~~~~~~~~~~~
~~
    + CategoryInfo     
         : NotSpecifi  
  ed: ([31mΓ£ù[39m   
  Build failed in 1    
13ms:String) [], R    
emoteException
    + FullyQualifiedEr 
   rorId : NativeComm  
  andError
 
[31merror during 
build:
[31mBuild failed with 
3 errors:

[31m[MISSING_EXPORT] 
Error:[0m "default" 
is not exported by "src
/pages/Dashboard.jsx".
   [38;5;246mΓò¡[0m[
38;5;246mΓöÇ[0m[38;5;
246m[[0m 
src/App.jsx:6:8 
[38;5;246m][0m
   [38;5;246mΓöé[0m
 [38;5;246m6 Γöé[0m 
[38;5;249mi[0m[38;5;2
49mm[0m[38;5;249mp[0
m[38;5;249mo[0m[38;5
;249mr[0m[38;5;249mt
[0m[38;5;249m [0mDash
board[38;5;249m [0m[
38;5;249mf[0m[38;5;24
9mr[0m[38;5;249mo[0m
[38;5;249mm[0m[38;5;
249m [0m[38;5;249m"[
0m[38;5;249m.[0m[38;
5;249m/[0m[38;5;249mp
[0m[38;5;249ma[0m[3
8;5;249mg[0m[38;5;249
me[0m[38;5;249ms[0m
[38;5;249m/[0m[38;5;2
49mD[0m[38;5;249ma[0
m[38;5;249ms[0m[38;5
;249mh[0m[38;5;249mb
[0m[38;5;249mo[0m[38
;5;249ma[0m[38;5;249m
r[0m[38;5;249md[0m[
38;5;249m"[0m[38;5;24
9m;[0m
 [38;5;240m  Γöé[0m  
      ΓöÇΓöÇΓöÇΓöÇΓö¼Γö
ÇΓöÇΓöÇΓöÇ  
 [38;5;240m  Γöé[0m  
          
Γò░ΓöÇΓöÇΓöÇΓöÇΓöÇΓöÇ 
Missing export
[38;5;246mΓöÇΓöÇΓöÇΓò»
[0m

[31m[MISSING_EXPORT] 
Error:[0m "default" 
is not exported by "src
/pages/Problems.jsx".
   [38;5;246mΓò¡[0m[
38;5;246mΓöÇ[0m[38;5;
246m[[0m 
src/App.jsx:7:8 
[38;5;246m][0m
   [38;5;246mΓöé[0m
 [38;5;246m7 Γöé[0m 
[38;5;249mi[0m[38;5;2
49mm[0m[38;5;249mp[0
m[38;5;249mo[0m[38;5
;249mr[0m[38;5;249mt
[0m[38;5;249m [0mProb
lems[38;5;249m [0m[3
8;5;249mf[0m[38;5;249
mr[0m[38;5;249mo[0m
[38;5;249mm[0m[38;5;2
49m [0m[38;5;249m"[0
m[38;5;249m.[0m[38;5
;249m/[0m[38;5;249mp
[0m[38;5;249ma[0m[38
;5;249mg[0m[38;5;249m
e[0m[38;5;249ms[0m[
38;5;249m/[0m[38;5;24
9mP[0m[38;5;249mr[0m
[38;5;249mo[0m[38;5;
249mb[0m[38;5;249ml[
0m[38;5;249me[0m[38;
5;249mm[0m[38;5;249ms
[0m[38;5;249m"[0m[3
8;5;249m;[0m
 [38;5;240m  Γöé[0m  
      ΓöÇΓöÇΓöÇΓöÇΓö¼Γö
ÇΓöÇΓöÇ  
 [38;5;240m  Γöé[0m  
          
Γò░ΓöÇΓöÇΓöÇΓöÇΓöÇ 
Missing export
[38;5;246mΓöÇΓöÇΓöÇΓò»
[0m

[31m[MISSING_EXPORT] 
Error:[0m "default" 
is not exported by "src
/pages/Profile.jsx".
   [38;5;246mΓò¡[0m[
38;5;246mΓöÇ[0m[38;5;
246m[[0m 
src/App.jsx:8:8 
[38;5;246m][0m
   [38;5;246mΓöé[0m
 [38;5;246m8 Γöé[0m 
[38;5;249mi[0m[38;5;2
49mm[0m[38;5;249mp[0
m[38;5;249mo[0m[38;5
;249mr[0m[38;5;249mt
[0m[38;5;249m 
[0mProfile[38;5;249m 
[0m[38;5;249mf[0m[3
8;5;249mr[0m[38;5;249
mo[0m[38;5;249mm[0m
[38;5;249m [0m[38;5;2
49m"[0m[38;5;249m.[0
m[38;5;249m/[0m[38;5
;249mp[0m[38;5;249ma
[0m[38;5;249mg[0m[38
;5;249me[0m[38;5;249m
s[0m[38;5;249m/[0m[
38;5;249mP[0m[38;5;24
9mr[0m[38;5;249mo[0m
[38;5;249mf[0m[38;5;
249mi[0m[38;5;249ml[
0m[38;5;249me[0m[38;
5;249m"[0m[38;5;249m;
[0m
 [38;5;240m  Γöé[0m  
      
ΓöÇΓöÇΓöÇΓö¼ΓöÇΓöÇΓöÇ  
 [38;5;240m  Γöé[0m  
         
Γò░ΓöÇΓöÇΓöÇΓöÇΓöÇ 
Missing export
[38;5;246mΓöÇΓöÇΓöÇΓò»
[0m
[31m
    at aggregateBinding
ErrorsIntoJsError (file
:///C:/Users/nirmi/Desk
top/LEETBOT/frontend/no
de_modules/rolldown/dis
t/shared/error-BO4SlZV_
.mjs:48:18)
    at 
unwrapBindingResult (fi
le:///C:/Users/nirmi/De
sktop/LEETBOT/frontend/
node_modules/rolldown/d
ist/shared/error-BO4SlZ
V_.mjs:18:128)
    at #build (file:///
C:/Users/nirmi/Desktop/
LEETBOT/frontend/node_m
odules/rolldown/dist/sh
ared/rolldown-build-yQC
7KN8K.mjs:3311:34)
    at async 
buildEnvironment (file:
///C:/Users/nirmi/Deskt
op/LEETBOT/frontend/nod
e_modules/vite/dist/nod
e/chunks/node.js:32817:
64)
    at async 
Object.build (file:///C
:/Users/nirmi/Desktop/L
EETBOT/frontend/node_mo
dules/vite/dist/node/ch
unks/node.js:33239:19)
    at async 
Object.buildApp (file:/
//C:/Users/nirmi/Deskto
p/LEETBOT/frontend/node
_modules/vite/dist/node
/chunks/node.js:33236:1
53)
    at async 
CAC.<anonymous> (file:/
//C:/Users/nirmi/Deskto
p/LEETBOT/frontend/node
_modules/vite/dist/node
/cli.js:778:3) {
  errors: 
[Getter/Setter]
}[39m
